// Jest Snapshot v1, https://goo.gl/fbAQLP

exports[`renders correctly 1`] = `
<div
  className="row mx-auto"
>
  <p
    className="rounded text-center text-light fs-5 mx-auto p-4 my-3 loading"
  >
    Company with that name does not exist!
  </p>
</div>
`;

exports[`testig component rendering renders correctly 1`] = `
<div
  className="row mx-auto"
>
  <p
    className="rounded text-center text-light fs-5 mx-auto p-4 my-3 loading"
  >
    Company with that name does not exist!
  </p>
</div>
`;

exports[`testing component rendering renders correctly 1`] = `
<div
  className="row mx-auto"
>
  <p
    className="rounded text-center text-light fs-5 mx-auto p-4 my-3 loading"
  >
    Company with that name does not exist!
  </p>
</div>
`;
